      Step     Time          Energy          fmax
BFGS:    0 14:46:32     -234.341812        2.739701
BFGS:    1 14:46:32     -234.507446        1.807832
BFGS:    2 14:46:32     -234.687469        0.651034
BFGS:    3 14:46:32     -234.730133        0.163860
BFGS:    4 14:46:32     -234.747650        0.235045
BFGS:    5 14:46:33     -234.765991        0.298237
BFGS:    6 14:46:33     -234.789001        0.391474
BFGS:    7 14:46:33     -234.810913        0.333711
BFGS:    8 14:46:33     -234.822174        0.149326
BFGS:    9 14:46:33     -234.825424        0.089351
BFGS:   10 14:46:33     -234.827591        0.076901
BFGS:   11 14:46:33     -234.830246        0.066855
BFGS:   12 14:46:34     -234.831650        0.054257
BFGS:   13 14:46:34     -234.832138        0.021856
BFGS:   14 14:46:34     -234.832245        0.014648
BFGS:   15 14:46:34     -234.832306        0.013023
BFGS:   16 14:46:34     -234.832397        0.008768
      Step     Time          Energy          fmax
BFGS:    0 14:48:46     -234.341812        2.739698
BFGS:    1 14:48:46     -234.507446        1.807824
BFGS:    2 14:48:46     -234.687454        0.651089
BFGS:    3 14:48:47     -234.730118        0.163835
BFGS:    4 14:48:47     -234.747650        0.235091
BFGS:    5 14:48:47     -234.765991        0.298238
BFGS:    6 14:48:47     -234.789032        0.391447
BFGS:    7 14:48:47     -234.810928        0.333732
BFGS:    8 14:48:47     -234.822159        0.149216
BFGS:    9 14:48:47     -234.825409        0.089334
BFGS:   10 14:48:48     -234.827560        0.076877
BFGS:   11 14:48:48     -234.830246        0.066822
BFGS:   12 14:48:48     -234.831650        0.054262
BFGS:   13 14:48:48     -234.832153        0.021825
BFGS:   14 14:48:48     -234.832245        0.014662
BFGS:   15 14:48:48     -234.832291        0.012997
BFGS:   16 14:48:48     -234.832397        0.008873
      Step     Time          Energy          fmax
BFGS:    0 14:49:23     -234.341797        2.739703
BFGS:    1 14:49:23     -234.507446        1.807832
BFGS:    2 14:49:23     -234.687469        0.651043
BFGS:    3 14:49:23     -234.730133        0.163842
BFGS:    4 14:49:24     -234.747650        0.235111
BFGS:    5 14:49:24     -234.765991        0.298210
BFGS:    6 14:49:24     -234.789032        0.391490
BFGS:    7 14:49:24     -234.810928        0.333720
BFGS:    8 14:49:24     -234.822174        0.149309
BFGS:    9 14:49:24     -234.825424        0.089339
BFGS:   10 14:49:24     -234.827576        0.076876
BFGS:   11 14:49:25     -234.830261        0.066793
BFGS:   12 14:49:25     -234.831650        0.054231
BFGS:   13 14:49:25     -234.832153        0.021870
BFGS:   14 14:49:25     -234.832245        0.014670
BFGS:   15 14:49:25     -234.832306        0.013009
BFGS:   16 14:49:25     -234.832413        0.008844
