      Step     Time          Energy          fmax
BFGS:    0 14:46:37     -234.085754        3.577041
BFGS:    1 14:46:37     -234.379150        2.381292
BFGS:    2 14:46:37     -234.643036        0.558379
BFGS:    3 14:46:38     -234.673676        0.207545
BFGS:    4 14:46:38     -234.696045        0.274427
BFGS:    5 14:46:38     -234.723526        0.325794
BFGS:    6 14:46:38     -234.743134        0.314542
BFGS:    7 14:46:38     -234.758118        0.305019
BFGS:    8 14:46:38     -234.775284        0.187825
BFGS:    9 14:46:38     -234.781555        0.120257
BFGS:   10 14:46:38     -234.783554        0.103361
BFGS:   11 14:46:39     -234.787750        0.064163
BFGS:   12 14:46:39     -234.789230        0.033320
BFGS:   13 14:46:39     -234.789978        0.024583
BFGS:   14 14:46:39     -234.790100        0.020636
BFGS:   15 14:46:39     -234.790283        0.023416
BFGS:   16 14:46:39     -234.790497        0.022287
BFGS:   17 14:46:40     -234.790695        0.016686
BFGS:   18 14:46:40     -234.790787        0.017507
BFGS:   19 14:46:40     -234.790894        0.016891
BFGS:   20 14:46:40     -234.791061        0.017313
BFGS:   21 14:46:40     -234.791306        0.021858
BFGS:   22 14:46:40     -234.791595        0.022967
BFGS:   23 14:46:40     -234.791809        0.020661
BFGS:   24 14:46:40     -234.791901        0.020060
BFGS:   25 14:46:41     -234.792007        0.021470
BFGS:   26 14:46:41     -234.792114        0.024127
BFGS:   27 14:46:41     -234.792297        0.025990
BFGS:   28 14:46:41     -234.792435        0.026244
BFGS:   29 14:46:41     -234.792526        0.027029
BFGS:   30 14:46:41     -234.792603        0.029025
BFGS:   31 14:46:41     -234.792755        0.032846
BFGS:   32 14:46:42     -234.793015        0.038093
BFGS:   33 14:46:42     -234.793304        0.042539
BFGS:   34 14:46:42     -234.793655        0.047074
BFGS:   35 14:46:42     -234.794159        0.056716
BFGS:   36 14:46:42     -234.794891        0.068792
BFGS:   37 14:46:42     -234.796631        0.096694
BFGS:   38 14:46:42     -234.798767        0.088111
BFGS:   39 14:46:43     -234.804276        0.081834
BFGS:   40 14:46:43     -234.801147        0.150169
BFGS:   41 14:46:43     -234.807175        0.085947
BFGS:   42 14:46:43     -234.808456        0.073373
BFGS:   43 14:46:43     -234.810150        0.054433
BFGS:   44 14:46:43     -234.812195        0.048831
BFGS:   45 14:46:43     -234.816452        0.057782
BFGS:   46 14:46:44     -234.817123        0.058392
BFGS:   47 14:46:44     -234.818787        0.054361
BFGS:   48 14:46:44     -234.820480        0.048134
BFGS:   49 14:46:44     -234.822937        0.054158
BFGS:   50 14:46:44     -234.824387        0.056381
BFGS:   51 14:46:44     -234.825348        0.048199
BFGS:   52 14:46:44     -234.826004        0.043061
BFGS:   53 14:46:44     -234.827469        0.034673
BFGS:   54 14:46:45     -234.828766        0.027679
BFGS:   55 14:46:45     -234.829590        0.023605
BFGS:   56 14:46:45     -234.829956        0.023249
BFGS:   57 14:46:45     -234.830231        0.019927
BFGS:   58 14:46:45     -234.830612        0.017085
BFGS:   59 14:46:45     -234.831055        0.015899
BFGS:   60 14:46:45     -234.831314        0.013157
BFGS:   61 14:46:46     -234.831421        0.014252
BFGS:   62 14:46:46     -234.831543        0.014416
BFGS:   63 14:46:46     -234.831680        0.011675
BFGS:   64 14:46:46     -234.831848        0.010589
BFGS:   65 14:46:46     -234.831985        0.011489
BFGS:   66 14:46:46     -234.832062        0.009712
      Step     Time          Energy          fmax
BFGS:    0 14:48:51     -234.085754        3.577044
BFGS:    1 14:48:51     -234.379181        2.381274
BFGS:    2 14:48:52     -234.643051        0.558428
BFGS:    3 14:48:52     -234.673660        0.207551
BFGS:    4 14:48:52     -234.696030        0.274452
BFGS:    5 14:48:52     -234.723526        0.325750
BFGS:    6 14:48:52     -234.743149        0.314538
BFGS:    7 14:48:52     -234.758118        0.305010
BFGS:    8 14:48:52     -234.775299        0.187832
BFGS:    9 14:48:53     -234.781555        0.120244
BFGS:   10 14:48:53     -234.783554        0.103365
BFGS:   11 14:48:53     -234.787750        0.063954
BFGS:   12 14:48:53     -234.789230        0.033231
BFGS:   13 14:48:53     -234.789978        0.024484
BFGS:   14 14:48:53     -234.790115        0.020623
BFGS:   15 14:48:53     -234.790283        0.023399
BFGS:   16 14:48:53     -234.790497        0.022321
BFGS:   17 14:48:54     -234.790665        0.016594
BFGS:   18 14:48:54     -234.790802        0.017490
BFGS:   19 14:48:54     -234.790878        0.016832
BFGS:   20 14:48:54     -234.791046        0.017303
BFGS:   21 14:48:54     -234.791321        0.021930
BFGS:   22 14:48:54     -234.791611        0.022978
BFGS:   23 14:48:54     -234.791809        0.020641
BFGS:   24 14:48:55     -234.791901        0.020051
BFGS:   25 14:48:55     -234.791992        0.021477
BFGS:   26 14:48:55     -234.792130        0.024148
BFGS:   27 14:48:55     -234.792297        0.026016
BFGS:   28 14:48:55     -234.792435        0.026251
BFGS:   29 14:48:55     -234.792526        0.027041
BFGS:   30 14:48:55     -234.792633        0.029042
BFGS:   31 14:48:56     -234.792755        0.032883
BFGS:   32 14:48:56     -234.792999        0.038130
BFGS:   33 14:48:56     -234.793335        0.042584
BFGS:   34 14:48:56     -234.793671        0.047129
BFGS:   35 14:48:56     -234.794159        0.056770
BFGS:   36 14:48:56     -234.794891        0.068990
BFGS:   37 14:48:56     -234.796646        0.096596
BFGS:   38 14:48:57     -234.798798        0.088104
BFGS:   39 14:48:57     -234.804276        0.081798
BFGS:   40 14:48:57     -234.801193        0.149251
BFGS:   41 14:48:57     -234.807159        0.085796
BFGS:   42 14:48:57     -234.808472        0.073339
BFGS:   43 14:48:58     -234.810135        0.054798
BFGS:   44 14:48:58     -234.812195        0.048812
BFGS:   45 14:48:58     -234.816467        0.057787
BFGS:   46 14:48:59     -234.817108        0.058320
BFGS:   47 14:48:59     -234.818817        0.054187
BFGS:   48 14:48:59     -234.820541        0.047959
BFGS:   49 14:48:59     -234.822952        0.054622
BFGS:   50 14:48:59     -234.824432        0.056312
BFGS:   51 14:49:00     -234.825348        0.047857
BFGS:   52 14:49:00     -234.826004        0.042477
BFGS:   53 14:49:00     -234.827515        0.033703
BFGS:   54 14:49:00     -234.828796        0.027596
BFGS:   55 14:49:00     -234.829620        0.023784
BFGS:   56 14:49:01     -234.829926        0.023234
BFGS:   57 14:49:01     -234.830231        0.019867
BFGS:   58 14:49:01     -234.830627        0.017342
BFGS:   59 14:49:01     -234.831070        0.015873
BFGS:   60 14:49:01     -234.831329        0.013157
BFGS:   61 14:49:02     -234.831421        0.014162
BFGS:   62 14:49:02     -234.831528        0.014257
BFGS:   63 14:49:02     -234.831680        0.011555
BFGS:   64 14:49:02     -234.831848        0.010722
BFGS:   65 14:49:02     -234.831970        0.011385
BFGS:   66 14:49:02     -234.832062        0.009586
      Step     Time          Energy          fmax
BFGS:    0 14:49:28     -234.085754        3.577044
BFGS:    1 14:49:28     -234.379150        2.381308
BFGS:    2 14:49:28     -234.643051        0.558349
BFGS:    3 14:49:29     -234.673676        0.207550
BFGS:    4 14:49:29     -234.696045        0.274437
BFGS:    5 14:49:29     -234.723511        0.325754
BFGS:    6 14:49:29     -234.743149        0.314544
BFGS:    7 14:49:29     -234.758087        0.305054
BFGS:    8 14:49:29     -234.775299        0.187825
BFGS:    9 14:49:29     -234.781570        0.120244
BFGS:   10 14:49:30     -234.783554        0.103371
BFGS:   11 14:49:30     -234.787750        0.063950
BFGS:   12 14:49:30     -234.789246        0.033292
BFGS:   13 14:49:30     -234.789978        0.024525
BFGS:   14 14:49:30     -234.790100        0.020615
BFGS:   15 14:49:30     -234.790283        0.023432
BFGS:   16 14:49:30     -234.790497        0.022236
BFGS:   17 14:49:31     -234.790680        0.016567
BFGS:   18 14:49:31     -234.790787        0.017544
BFGS:   19 14:49:31     -234.790878        0.016921
BFGS:   20 14:49:31     -234.791046        0.017279
BFGS:   21 14:49:31     -234.791290        0.021854
BFGS:   22 14:49:31     -234.791611        0.022953
BFGS:   23 14:49:31     -234.791809        0.020629
BFGS:   24 14:49:31     -234.791885        0.020060
BFGS:   25 14:49:32     -234.792007        0.021458
BFGS:   26 14:49:32     -234.792114        0.024145
BFGS:   27 14:49:32     -234.792297        0.025986
BFGS:   28 14:49:32     -234.792435        0.026237
BFGS:   29 14:49:32     -234.792526        0.027028
BFGS:   30 14:49:32     -234.792618        0.029039
BFGS:   31 14:49:32     -234.792770        0.032857
BFGS:   32 14:49:33     -234.793015        0.038105
BFGS:   33 14:49:33     -234.793335        0.042600
BFGS:   34 14:49:33     -234.793655        0.047155
BFGS:   35 14:49:33     -234.794189        0.056800
BFGS:   36 14:49:33     -234.794891        0.068858
BFGS:   37 14:49:33     -234.796661        0.096435
BFGS:   38 14:49:33     -234.798782        0.087819
BFGS:   39 14:49:34     -234.804291        0.081841
BFGS:   40 14:49:34     -234.801056        0.151927
BFGS:   41 14:49:34     -234.807175        0.085826
BFGS:   42 14:49:34     -234.808487        0.073258
BFGS:   43 14:49:34     -234.810135        0.054666
BFGS:   44 14:49:34     -234.812210        0.048890
BFGS:   45 14:49:34     -234.816452        0.057779
BFGS:   46 14:49:35     -234.817108        0.058322
BFGS:   47 14:49:35     -234.818787        0.054203
BFGS:   48 14:49:35     -234.820511        0.047933
BFGS:   49 14:49:35     -234.822937        0.054324
BFGS:   50 14:49:35     -234.824402        0.056488
BFGS:   51 14:49:35     -234.825348        0.048219
BFGS:   52 14:49:35     -234.826004        0.042721
BFGS:   53 14:49:36     -234.827484        0.034365
BFGS:   54 14:49:36     -234.828751        0.027844
BFGS:   55 14:49:36     -234.829575        0.023720
BFGS:   56 14:49:36     -234.829941        0.023222
BFGS:   57 14:49:36     -234.830215        0.019956
BFGS:   58 14:49:36     -234.830612        0.017084
BFGS:   59 14:49:36     -234.831055        0.015896
BFGS:   60 14:49:36     -234.831329        0.013100
BFGS:   61 14:49:37     -234.831421        0.014306
BFGS:   62 14:49:37     -234.831512        0.014485
BFGS:   63 14:49:37     -234.831665        0.011843
BFGS:   64 14:49:37     -234.831848        0.010736
BFGS:   65 14:49:37     -234.831970        0.011621
BFGS:   66 14:49:37     -234.832031        0.009864
