      Step     Time          Energy          fmax
BFGS:    0 14:23:26     -231.227676       16.624285
BFGS:    1 14:23:27     -234.150879        2.746896
BFGS:    2 14:23:27     -234.302246        1.622911
BFGS:    3 14:23:27     -234.426743        0.515612
BFGS:    4 14:23:27     -234.477295        0.572353
BFGS:    5 14:23:27     -234.514221        0.621945
BFGS:    6 14:23:27     -234.534607        0.539568
BFGS:    7 14:23:28     -234.553436        0.406357
BFGS:    8 14:23:28     -234.575226        0.227027
BFGS:    9 14:23:28     -234.590988        0.193810
BFGS:   10 14:23:28     -234.595474        0.195934
BFGS:   11 14:23:28     -234.598801        0.206583
BFGS:   12 14:23:28     -234.603073        0.116574
BFGS:   13 14:23:28     -234.605164        0.071042
BFGS:   14 14:23:28     -234.606384        0.034625
BFGS:   15 14:23:29     -234.606628        0.039492
BFGS:   16 14:23:29     -234.606842        0.035675
BFGS:   17 14:23:29     -234.607162        0.023278
BFGS:   18 14:23:29     -234.607391        0.016558
BFGS:   19 14:23:29     -234.607513        0.015371
BFGS:   20 14:23:29     -234.607574        0.022128
BFGS:   21 14:23:29     -234.607697        0.027138
BFGS:   22 14:23:29     -234.607834        0.027231
BFGS:   23 14:23:30     -234.607941        0.019503
BFGS:   24 14:23:30     -234.608017        0.010131
BFGS:   25 14:23:30     -234.608047        0.009815
      Step     Time          Energy          fmax
BFGS:    0 14:30:09     -231.227676       16.624279
BFGS:    1 14:30:10     -234.150879        2.746899
BFGS:    2 14:30:10     -234.302246        1.622916
BFGS:    3 14:30:10     -234.426743        0.515609
BFGS:    4 14:30:10     -234.477280        0.572351
BFGS:    5 14:30:10     -234.514221        0.621954
BFGS:    6 14:30:11     -234.534622        0.539575
BFGS:    7 14:30:11     -234.553467        0.406315
BFGS:    8 14:30:11     -234.575226        0.226991
BFGS:    9 14:30:11     -234.590988        0.193842
BFGS:   10 14:30:11     -234.595474        0.195927
BFGS:   11 14:30:11     -234.598785        0.206531
BFGS:   12 14:30:11     -234.603088        0.116493
BFGS:   13 14:30:11     -234.605164        0.070992
BFGS:   14 14:30:12     -234.606384        0.034609
BFGS:   15 14:30:12     -234.606628        0.039527
BFGS:   16 14:30:12     -234.606842        0.035652
BFGS:   17 14:30:12     -234.607147        0.023391
BFGS:   18 14:30:12     -234.607407        0.016605
BFGS:   19 14:30:12     -234.607513        0.015317
BFGS:   20 14:30:12     -234.607559        0.022114
BFGS:   21 14:30:12     -234.607681        0.027169
BFGS:   22 14:30:13     -234.607834        0.027239
BFGS:   23 14:30:13     -234.607956        0.019451
BFGS:   24 14:30:13     -234.608017        0.010103
BFGS:   25 14:30:13     -234.608047        0.009822
      Step     Time          Energy          fmax
BFGS:    0 14:33:01     -231.227676       16.624287
BFGS:    1 14:33:02     -234.150879        2.746894
BFGS:    2 14:33:02     -234.302277        1.622910
BFGS:    3 14:33:02     -234.426743        0.515628
BFGS:    4 14:33:02     -234.477295        0.572338
BFGS:    5 14:33:02     -234.514206        0.621983
BFGS:    6 14:33:02     -234.534607        0.539573
BFGS:    7 14:33:03     -234.553452        0.406390
BFGS:    8 14:33:03     -234.575211        0.226992
BFGS:    9 14:33:03     -234.590973        0.193788
BFGS:   10 14:33:03     -234.595459        0.195884
BFGS:   11 14:33:03     -234.598816        0.206563
BFGS:   12 14:33:03     -234.603088        0.116594
BFGS:   13 14:33:03     -234.605164        0.071028
BFGS:   14 14:33:03     -234.606384        0.034598
BFGS:   15 14:33:04     -234.606613        0.039549
BFGS:   16 14:33:04     -234.606842        0.035656
BFGS:   17 14:33:04     -234.607162        0.023304
BFGS:   18 14:33:04     -234.607391        0.016563
BFGS:   19 14:33:04     -234.607513        0.015291
BFGS:   20 14:33:04     -234.607574        0.022117
BFGS:   21 14:33:04     -234.607697        0.027154
BFGS:   22 14:33:04     -234.607849        0.027264
BFGS:   23 14:33:04     -234.607941        0.019503
BFGS:   24 14:33:05     -234.608002        0.010114
BFGS:   25 14:33:05     -234.608047        0.009854
