      Step     Time          Energy          fmax
BFGS:    0 14:23:15     -234.337860        2.682484
BFGS:    1 14:23:16     -234.498947        1.837744
BFGS:    2 14:23:16     -234.687866        0.596496
BFGS:    3 14:23:16     -234.725906        0.160020
BFGS:    4 14:23:16     -234.744186        0.234330
BFGS:    5 14:23:16     -234.761627        0.290009
BFGS:    6 14:23:16     -234.784546        0.384935
BFGS:    7 14:23:16     -234.805969        0.325960
BFGS:    8 14:23:16     -234.817413        0.148751
BFGS:    9 14:23:17     -234.820847        0.076078
BFGS:   10 14:23:17     -234.822784        0.063149
BFGS:   11 14:23:17     -234.825714        0.074763
BFGS:   12 14:23:17     -234.826904        0.054434
BFGS:   13 14:23:17     -234.827286        0.018043
BFGS:   14 14:23:17     -234.827362        0.011334
BFGS:   15 14:23:17     -234.827454        0.012506
BFGS:   16 14:23:17     -234.827515        0.011437
BFGS:   17 14:23:18     -234.827591        0.008350
      Step     Time          Energy          fmax
BFGS:    0 14:29:58     -234.337860        2.682483
BFGS:    1 14:29:59     -234.498947        1.837761
BFGS:    2 14:29:59     -234.687881        0.596397
BFGS:    3 14:29:59     -234.725891        0.160037
BFGS:    4 14:29:59     -234.744186        0.234334
BFGS:    5 14:29:59     -234.761627        0.289995
BFGS:    6 14:29:59     -234.784546        0.384846
BFGS:    7 14:29:59     -234.805969        0.326063
BFGS:    8 14:30:00     -234.817413        0.148640
BFGS:    9 14:30:00     -234.820847        0.076076
BFGS:   10 14:30:00     -234.822784        0.063138
BFGS:   11 14:30:00     -234.825714        0.074792
BFGS:   12 14:30:00     -234.826920        0.054543
BFGS:   13 14:30:00     -234.827301        0.018086
BFGS:   14 14:30:00     -234.827362        0.011373
BFGS:   15 14:30:00     -234.827454        0.012499
BFGS:   16 14:30:01     -234.827515        0.011451
BFGS:   17 14:30:01     -234.827560        0.008386
      Step     Time          Energy          fmax
BFGS:    0 14:32:50     -234.337860        2.682477
BFGS:    1 14:32:50     -234.498947        1.837743
BFGS:    2 14:32:51     -234.687881        0.596515
BFGS:    3 14:32:51     -234.725906        0.160023
BFGS:    4 14:32:51     -234.744171        0.234325
BFGS:    5 14:32:51     -234.761627        0.289993
BFGS:    6 14:32:51     -234.784561        0.384891
BFGS:    7 14:32:51     -234.805939        0.326080
BFGS:    8 14:32:51     -234.817413        0.148606
BFGS:    9 14:32:51     -234.820847        0.076083
BFGS:   10 14:32:52     -234.822769        0.063122
BFGS:   11 14:32:52     -234.825729        0.074826
BFGS:   12 14:32:52     -234.826904        0.054586
BFGS:   13 14:32:52     -234.827332        0.018016
BFGS:   14 14:32:52     -234.827362        0.011358
BFGS:   15 14:32:52     -234.827438        0.012529
BFGS:   16 14:32:52     -234.827499        0.011415
BFGS:   17 14:32:52     -234.827576        0.008355
