      Step     Time          Energy          fmax
BFGS:    0 14:46:30     -233.699432        0.109780
BFGS:    1 14:46:31     -233.709152        0.099001
BFGS:    2 14:46:31     -233.799271        0.076204
BFGS:    3 14:46:31     -233.804764        0.064078
BFGS:    4 14:46:31     -233.814285        0.049557
BFGS:    5 14:46:31     -233.818192        0.028677
BFGS:    6 14:46:31     -233.819916        0.005870
      Step     Time          Energy          fmax
BFGS:    0 14:48:45     -233.699432        0.109775
BFGS:    1 14:48:45     -233.709152        0.098998
BFGS:    2 14:48:45     -233.799255        0.076180
BFGS:    3 14:48:45     -233.804764        0.064051
BFGS:    4 14:48:45     -233.814301        0.049513
BFGS:    5 14:48:46     -233.818222        0.028598
BFGS:    6 14:48:46     -233.819916        0.005845
      Step     Time          Energy          fmax
BFGS:    0 14:49:00     -233.699432        0.109780
      Step     Time          Energy          fmax
BFGS:    0 14:49:22     -233.699432        0.109780
BFGS:    1 14:49:22     -233.709137        0.098996
BFGS:    2 14:49:22     -233.799255        0.076189
BFGS:    3 14:49:22     -233.804779        0.064057
BFGS:    4 14:49:22     -233.814285        0.049572
BFGS:    5 14:49:22     -233.818222        0.028714
BFGS:    6 14:49:23     -233.819901        0.005861
