      Step     Time          Energy          fmax
BFGS:    0 15:30:17     -359.528167        2.074244
BFGS:    1 15:30:18     -359.958228        1.641522
BFGS:    2 15:30:19     -361.004098        0.669150
BFGS:    3 15:30:20     -361.251826        0.669775
BFGS:    4 15:30:21     -361.499655        0.845623
BFGS:    5 15:30:22     -361.762676        0.822268
BFGS:    6 15:30:23     -362.011251        0.625385
BFGS:    7 15:30:24     -362.165832        0.382105
BFGS:    8 15:30:26     -362.240954        0.253474
BFGS:    9 15:30:27     -362.263193        0.255217
BFGS:   10 15:30:28     -362.275609        0.252395
BFGS:   11 15:30:29     -362.293890        0.249001
BFGS:   12 15:30:30     -362.308539        0.251807
BFGS:   13 15:30:31     -362.318878        0.260248
BFGS:   14 15:30:32     -362.326165        0.268166
BFGS:   15 15:30:33     -362.335785        0.275205
BFGS:   16 15:30:34     -362.351950        0.279781
BFGS:   17 15:30:35     -362.376672        0.276411
BFGS:   18 15:30:37     -362.407194        0.258653
BFGS:   19 15:30:38     -362.441371        0.226085
BFGS:   20 15:30:39     -362.487242        0.240368
BFGS:   21 15:30:40     -362.541994        0.217370
BFGS:   22 15:30:41     -362.605015        0.212034
BFGS:   23 15:30:42     -362.668939        0.214386
BFGS:   24 15:30:44     -362.723290        0.217393
BFGS:   25 15:30:45     -362.766295        0.277287
BFGS:   26 15:30:46     -362.804356        0.348674
BFGS:   27 15:30:47     -362.844136        0.400325
BFGS:   28 15:30:46     -362.889963        0.389976
BFGS:   29 15:30:47     -362.972405        0.275878
BFGS:   30 15:30:49     -362.996243        0.339988
BFGS:   31 15:30:50     -363.018860        0.254452
BFGS:   32 15:30:51     -363.038143        0.210842
BFGS:   33 15:30:52     -363.051065        0.205619
BFGS:   34 15:30:53     -363.063802        0.218664
BFGS:   35 15:30:54     -363.076993        0.202015
BFGS:   36 15:30:55     -363.093322        0.183635
BFGS:   37 15:30:57     -363.110630        0.153392
BFGS:   38 15:30:58     -363.124687        0.188322
BFGS:   39 15:30:59     -363.135883        0.189129
BFGS:   40 15:31:00     -363.147967        0.159064
BFGS:   41 15:31:01     -363.159108        0.124988
BFGS:   42 15:31:02     -363.166156        0.116161
BFGS:   43 15:31:03     -363.170080        0.116891
BFGS:   44 15:31:04     -363.173393        0.113999
BFGS:   45 15:31:06     -363.177662        0.097281
BFGS:   46 15:31:07     -363.182463        0.064294
BFGS:   47 15:31:08     -363.185872        0.062313
BFGS:   48 15:31:09     -363.187848        0.066000
BFGS:   49 15:31:10     -363.189605        0.057283
BFGS:   50 15:31:11     -363.191816        0.052033
BFGS:   51 15:31:12     -363.193995        0.043617
