      Step     Time          Energy          fmax
BFGS:    0 15:00:04    -3280.590992        3.254516
BFGS:    1 15:00:05    -3280.075493        2.243839
BFGS:    2 15:00:05    -3279.860268        0.824545
BFGS:    3 15:00:05    -3279.885807        0.405717
BFGS:    4 15:00:05    -3279.807205        0.345268
BFGS:    5 15:00:05    -3279.833984        0.372562
BFGS:    6 15:00:05    -3279.431801        0.329177
BFGS:    7 15:00:05    -3279.553051        0.240391
BFGS:    8 15:00:06    -3279.388161        0.257491
BFGS:    9 15:00:06    -3279.273853        0.223069
BFGS:   10 15:00:06    -3279.204426        0.138750
BFGS:   11 15:00:06    -3279.428329        0.130337
BFGS:   12 15:00:06    -3279.421635        0.075321
BFGS:   13 15:00:06    -3279.185581        0.062163
BFGS:   14 15:00:07    -3279.186077        0.050580
BFGS:   15 15:00:07    -3279.187069        0.029974
BFGS:   16 15:00:07    -3279.187813        0.027636
BFGS:   17 15:00:07    -3279.217319        0.020433
BFGS:   18 15:00:07    -3279.217319        0.031912
BFGS:   19 15:00:07    -3279.217815        0.034505
BFGS:   20 15:00:07    -3279.218311        0.032628
BFGS:   21 15:00:08    -3279.218063        0.024154
BFGS:   22 15:00:08    -3279.184589        0.023061
BFGS:   23 15:00:08    -3279.184837        0.024412
BFGS:   24 15:00:08    -3279.185085        0.020829
BFGS:   25 15:00:08    -3279.168224        0.010599
BFGS:   26 15:00:08    -3279.168720        0.010151
BFGS:   27 15:00:08    -3279.168472        0.010627
BFGS:   28 15:00:08    -3279.124088        0.016671
BFGS:   29 15:00:09    -3279.124088        0.014602
BFGS:   30 15:00:09    -3279.124088        0.013688
BFGS:   31 15:00:09    -3279.168720        0.007394
