      Step     Time          Energy          fmax
BFGS:    0 15:00:09    -3280.529499        3.294080
BFGS:    1 15:00:09    -3280.005322        2.292299
BFGS:    2 15:00:10    -3279.858036        0.871509
BFGS:    3 15:00:10    -3279.803486        0.431525
BFGS:    4 15:00:10    -3279.764309        0.355211
BFGS:    5 15:00:10    -3279.793320        0.389835
BFGS:    6 15:00:10    -3279.561481        0.349354
BFGS:    7 15:00:10    -3279.619999        0.258564
BFGS:    8 15:00:11    -3279.451141        0.257215
BFGS:    9 15:00:11    -3279.309311        0.228529
BFGS:   10 15:00:11    -3279.262447        0.155852
BFGS:   11 15:00:11    -3279.331379        0.095816
BFGS:   12 15:00:11    -3279.242363        0.072563
BFGS:   13 15:00:11    -3279.193516        0.050998
BFGS:   14 15:00:11    -3279.180126        0.041427
BFGS:   15 15:00:12    -3279.151859        0.028300
BFGS:   16 15:00:12    -3279.213104        0.017018
BFGS:   17 15:00:12    -3279.180870        0.024294
BFGS:   18 15:00:12    -3279.181118        0.022754
BFGS:   19 15:00:12    -3279.181366        0.027714
BFGS:   20 15:00:12    -3279.181614        0.026785
BFGS:   21 15:00:13    -3279.165249        0.019865
BFGS:   22 15:00:13    -3279.129047        0.016566
BFGS:   23 15:00:13    -3279.128799        0.015915
BFGS:   24 15:00:13    -3279.147148        0.010887
BFGS:   25 15:00:13    -3279.147396        0.008308
