      Step     Time          Energy          fmax
BFGS:    0 15:00:13    -3280.190296        4.705174
BFGS:    1 15:00:13    -3279.895477        2.655807
BFGS:    2 15:00:14    -3279.968624        1.042963
BFGS:    3 15:00:14    -3279.696865        0.452291
BFGS:    4 15:00:14    -3279.581566        0.378782
BFGS:    5 15:00:14    -3279.525528        0.431763
BFGS:    6 15:00:14    -3279.538670        0.409893
BFGS:    7 15:00:14    -3279.581814        0.301843
BFGS:    8 15:00:14    -3279.568920        0.323313
BFGS:    9 15:00:15    -3279.382954        0.323917
BFGS:   10 15:00:15    -3279.353199        0.230066
BFGS:   11 15:00:15    -3279.301128        0.134074
BFGS:   12 15:00:15    -3279.253769        0.093268
BFGS:   13 15:00:15    -3279.235668        0.067391
BFGS:   14 15:00:15    -3279.237156        0.067503
BFGS:   15 15:00:16    -3279.249058        0.058831
BFGS:   16 15:00:16    -3279.246578        0.045362
BFGS:   17 15:00:16    -3279.241123        0.028593
BFGS:   18 15:00:16    -3279.233189        0.031598
BFGS:   19 15:00:16    -3279.244099        0.042881
BFGS:   20 15:00:16    -3279.249554        0.043957
BFGS:   21 15:00:16    -3279.230709        0.037255
BFGS:   22 15:00:17    -3279.255505        0.027317
BFGS:   23 15:00:17    -3279.256496        0.021926
BFGS:   24 15:00:17    -3279.288483        0.023121
BFGS:   25 15:00:17    -3279.288979        0.012687
BFGS:   26 15:00:17    -3279.278316        0.011239
BFGS:   27 15:00:17    -3279.309311        0.021919
BFGS:   28 15:00:17    -3279.299145        0.020472
BFGS:   29 15:00:18    -3279.309559        0.026535
BFGS:   30 15:00:18    -3279.240131        0.077853
BFGS:   31 15:00:18    -3279.335842        0.067464
BFGS:   32 15:00:18    -3279.324932        0.065825
BFGS:   33 15:00:18    -3279.278316        0.067440
BFGS:   34 15:00:18    -3279.316006        0.067073
BFGS:   35 15:00:18    -3279.316502        0.066645
BFGS:   36 15:00:19    -3279.321213        0.069873
BFGS:   37 15:00:19    -3279.303608        0.072967
BFGS:   38 15:00:19    -3279.372292        0.075486
BFGS:   39 15:00:19    -3279.403038        0.075568
BFGS:   40 15:00:19    -3279.381962        0.074701
BFGS:   41 15:00:19    -3279.353447        0.078488
BFGS:   42 15:00:19    -3279.282036        0.103857
BFGS:   43 15:00:20    -3279.179630        0.150813
BFGS:   44 15:00:20    -3279.179134        0.163539
BFGS:   45 15:00:20    -3279.230461        0.144687
BFGS:   46 15:00:20    -3279.221039        0.121706
BFGS:   47 15:00:20    -3279.226246        0.076885
BFGS:   48 15:00:20    -3279.152355        0.179625
BFGS:   49 15:00:20    -3279.147892        0.076119
BFGS:   50 15:00:21    -3279.122105        0.085817
BFGS:   51 15:00:21    -3279.134502        0.093555
BFGS:   52 15:00:21    -3279.231205        0.087333
BFGS:   53 15:00:21    -3279.275837        0.072367
BFGS:   54 15:00:21    -3279.237900        0.059284
BFGS:   55 15:00:21    -3279.273605        0.048134
BFGS:   56 15:00:21    -3279.270630        0.035435
BFGS:   57 15:00:22    -3279.285755        0.024607
BFGS:   58 15:00:22    -3279.242363        0.022518
BFGS:   59 15:00:22    -3279.242611        0.023010
BFGS:   60 15:00:22    -3279.263439        0.022096
BFGS:   61 15:00:22    -3279.250298        0.018586
BFGS:   62 15:00:22    -3279.230709        0.016647
BFGS:   63 15:00:23    -3279.219551        0.017437
BFGS:   64 15:00:23    -3279.240131        0.014356
BFGS:   65 15:00:23    -3279.230213        0.014131
BFGS:   66 15:00:23    -3279.255505        0.015667
BFGS:   67 15:00:23    -3279.286251        0.017817
BFGS:   68 15:00:23    -3279.249058        0.012487
BFGS:   69 15:00:23    -3279.244843        0.009856
