      Step     Time          Energy          fmax
BFGS:    0 15:00:24    -3275.816860       21.537598
BFGS:    1 15:00:24    -3280.060616        4.179454
BFGS:    2 15:00:24    -3279.567928        2.650324
BFGS:    3 15:00:24    -3279.195004        1.118446
BFGS:    4 15:00:24    -3279.249058        0.607400
BFGS:    5 15:00:24    -3279.288483        0.722056
BFGS:    6 15:00:24    -3279.307823        0.689570
BFGS:    7 15:00:25    -3279.281788        0.551213
BFGS:    8 15:00:25    -3279.184093        0.382003
BFGS:    9 15:00:25    -3279.145164        0.317101
BFGS:   10 15:00:25    -3279.075737        0.231102
BFGS:   11 15:00:25    -3279.029369        0.155231
BFGS:   12 15:00:25    -3279.041271        0.150227
BFGS:   13 15:00:26    -3279.015980        0.132760
BFGS:   14 15:00:26    -3279.021931        0.088479
BFGS:   15 15:00:26    -3278.937626        0.047947
BFGS:   16 15:00:26    -3279.035320        0.043153
BFGS:   17 15:00:26    -3279.081936        0.056252
BFGS:   18 15:00:26    -3279.048462        0.040210
BFGS:   19 15:00:26    -3279.098053        0.051424
BFGS:   20 15:00:27    -3279.116650        0.028485
BFGS:   21 15:00:27    -3279.116650        0.025036
BFGS:   22 15:00:27    -3279.232197        0.027144
BFGS:   23 15:00:27    -3278.795795        0.168217
BFGS:   24 15:00:27    -3278.736286        0.157454
BFGS:   25 15:00:27    -3278.966389        0.150776
BFGS:   26 15:00:27    -3278.775463        0.165410
BFGS:   27 15:00:28    -3278.946056        0.118411
BFGS:   28 15:00:28    -3278.933411        0.101063
BFGS:   29 15:00:28    -3279.008789        0.077079
BFGS:   30 15:00:28    -3278.925476        0.065648
BFGS:   31 15:00:28    -3278.759346        0.073617
BFGS:   32 15:00:28    -3278.729839        0.086660
BFGS:   33 15:00:28    -3278.995895        0.082833
BFGS:   34 15:00:29    -3278.875885        0.040731
BFGS:   35 15:00:29    -3278.917294        0.034396
BFGS:   36 15:00:29    -3278.917789        0.027399
BFGS:   37 15:00:29    -3278.882580        0.011737
BFGS:   38 15:00:29    -3278.904152        0.014271
BFGS:   39 15:00:29    -3278.900433        0.012017
BFGS:   40 15:00:29    -3278.936138        0.010440
BFGS:   41 15:00:30    -3278.935890        0.008528
